# T-0188 判据③ 的证据（2026-09-26，实例 sb189；**含 `waitIdle` 门**）

```text
=== 1/3 ops/load-from-title.mjs --slot 79 ===
▶ [ops] 从 TITLE 载入槽 79（实例 sb189）
  起跑状态：cur = TITLE.BIN
  点 Load Data @ 1070,480（第 1 次）
  ✔ 已进 SAVE/LOAD 画面
  ✔ 列表已就绪（等 287ms，最后一次往返 10ms）
  选槽：点页号按钮「70」@ 900,30
  虚拟机空闲（292ms，最后一次往返 18ms）⇒ 可以点行
  切页后空闲（372ms，最后一次往返 92ms）
  选行：第 9 行 (y=630)
  确认「是」@ 636,321（第 1 次）
   [slot-load] 按存档还原绘制项 69/69 项（引擎 sub_410160 raw 19810-19832：清 Scene+1032 后逐条插回；handle 0x18a88,0x19835,0x19836,0x19837,0x19838,0x19839,0x1983a,0x1983e,…）⇒ 上一屏的项全部作废
   [slot-load] 清掉上一个执行链的 L2D 运行态：实例槽 1 个 / 立绘节点 1 个（L2D 不在存档 body 里；见 tickets/T-0090）
   [slot-load] 装载时的帧链：0=SYSTEM4.BIN(caller=-1) 1=TITLE.BIN(caller=0) 2=SAVE.BIN(caller=1) 3=SBUNKI.BIN(caller=2) 4=SBUNKIMOVE.BIN(caller=3) 26=DRAWTOOLTIP.BIN(caller=0) 28=DRAWORN.BIN(caller=0) 29=ATSEEK
   [slot-load] 重建存档里的图像槽 1 个 + 纹理槽 0 个：槽4←0xb37
   [slot-load] 真槽装载：帧 0 ← CALLBACK_LOAD.BIN（引擎 sub_410160 raw 19916 的 CALLBACK_LOAD 那一跳；它 exit 后再装记录 0 = SYSTEM4.BIN），savedCur=2、帧记录 3 条
   [slot-load] BGM 还原：重播存档里的当前曲 #13（引擎 CALLBACK_LOAD.BIN:20 的 i0b7 0）
  槽指纹对账：槽 79 文件 savedCur=2/帧记录 3 条 vs 日志 savedCur=2/帧记录 3 条 ⇒ ✔ 一致
  ✔ 帧链已到 SN0000.BIN
✔ [ops] 已载入槽 79：cur = SN0000.BIN
```

★同一次运行的第二步（从 ADV 侧栏载 78）也通过，见 `tickets/T-0189/evidence/e2e-load-from-adv.log`。