npm notice run amayui-emulator@0.1.0 shot
npm notice run npm run build:electron && electron tools/shot.cjs --gamestart --name savefix1
npm notice run amayui-emulator@0.1.0 build:electron
npm notice run node build-electron.mjs
[electron] built main.cjs / preload.cjs / renderer.js / control.js (browser) + htmls
2026-09-14 20:57:21.697 Electron[96752:1870240] TISFileInterrogator updateSystemInputSources false but old data invalid: currentCacheHeaderPtr nonNULL? 0, ->cacheFormatVersion 0, ->magicCookie 00000000, inputSourceTableCountSys 0
Keyboard Layouts: duplicate keyboard layout identifier -17410.
Keyboard Layouts: keyboard layout identifier -17410 has been replaced with -28673.
Keyboard Layouts: duplicate keyboard layout identifier -30769.
Keyboard Layouts: keyboard layout identifier -30769 has been replaced with -28674.
Keyboard Layouts: duplicate keyboard layout identifier -14934.
Keyboard Layouts: keyboard layout identifier -14934 has been replaced with -28675.
[main] diagnostic log -> /Users/nekosu/Documents/Projects/amayui-cn/.tmp/amayui-emulator.log
[main] system dir (base) -> /Users/nekosu/Documents/Projects/amayui-cn/.tmp/appdata/Eushully/天結いキャッスルマイスター
[main] system dir (overlay) -> /Users/nekosu/Documents/Projects/amayui-cn/.tmp/appdata/Eushully/天結いキャッスルマイスター.overlay
[main] resources: version=jp path=/Users/nekosu/Documents/Projects/amayui-cn/install（来源=默认）
[main] replay trace -> /Users/nekosu/Documents/Projects/amayui-cn/.tmp/replay-trace.jsonl.gz
[96752:0914/205722.228892:ERROR:net/disk_cache/disk_cache.cc:290] Unable to create cache
[96752:0914/205722.228927:ERROR:gpu/ipc/host/gpu_disk_cache.cc:737] Gpu Cache Creation failed: -2
[96752:0914/205722.228938:ERROR:net/disk_cache/disk_cache.cc:290] Unable to create cache
[96752:0914/205722.228942:ERROR:gpu/ipc/host/gpu_disk_cache.cc:737] Gpu Cache Creation failed: -2
[96752:0914/205722.228950:ERROR:net/disk_cache/disk_cache.cc:290] Unable to create cache
[96752:0914/205722.228954:ERROR:gpu/ipc/host/gpu_disk_cache.cc:737] Gpu Cache Creation failed: -2
2026-09-14 20:57:22.287 Electron[96752:1870240] error messaging the mach port for IMKCFRunLoopWakeUpReliable
[main] SYS4REG.INI: overlay/base 都没有
[main] config ini: overlay/base 都没有 SYS4REG.INI（引擎字段用默认值）
[main] SAVE/SAVE.DAT: overlay/base 都没有
[main] save data: overlay/base 都没有 SAVE/SAVE.DAT（首次启动 ⇒ 走 INITCONFIG 默认值分支）
[main] emulator options -> /Users/nekosu/Documents/Projects/amayui-cn/emulator.config.json (exists=true)
[main] [append] APPEND01.AAI -> pack#1（1 归档 APPEND01.ALF / 678 文件）
[main] [append] APPEND02.AAI -> pack#2（1 归档 APPEND02.ALF / 261 文件）
[main] [append] APPEND03.AAI -> pack#3（1 归档 APPEND03.ALF / 1689 文件）
[main] [append] APPEND04.AAI -> pack#4（1 归档 APPEND04.ALF / 425 文件）
[main] [append] APPEND05.AAI -> pack#5（1 归档 APPEND05.ALF / 918 文件）
[main] audio-stream 0 name=SYSTEM4.BIN status=206 len=2/12012
[main] SAVE/SAVE.DAT <- /Users/nekosu/Documents/Projects/amayui-cn/.tmp/appdata/Eushully/天結いキャッスルマイスター.overlay/SAVE/SAVE.DAT (overlay)
[main] save data <- /Users/nekosu/Documents/Projects/amayui-cn/.tmp/appdata/Eushully/天結いキャッスルマイスター.overlay/SAVE/SAVE.DAT (84188 bytes)
[main] SAVE/SAVE.DAT <- /Users/nekosu/Documents/Projects/amayui-cn/.tmp/appdata/Eushully/天結いキャッスルマイスター.overlay/SAVE/SAVE.DAT (overlay)
[main] save data <- /Users/nekosu/Documents/Projects/amayui-cn/.tmp/appdata/Eushully/天結いキャッスルマイスター.overlay/SAVE/SAVE.DAT (84400 bytes)
[main] SAVE/SAVE.DAT <- /Users/nekosu/Documents/Projects/amayui-cn/.tmp/appdata/Eushully/天結いキャッスルマイスター.overlay/SAVE/SAVE.DAT (overlay)
[main] save data <- /Users/nekosu/Documents/Projects/amayui-cn/.tmp/appdata/Eushully/天結いキャッスルマイスター.overlay/SAVE/SAVE.DAT (84464 bytes)
[main] SAVE/SAVE.DAT <- /Users/nekosu/Documents/Projects/amayui-cn/.tmp/appdata/Eushully/天結いキャッスルマイスター.overlay/SAVE/SAVE.DAT (overlay)
[main] save data <- /Users/nekosu/Documents/Projects/amayui-cn/.tmp/appdata/Eushully/天結いキャッスルマイスター.overlay/SAVE/SAVE.DAT (84576 bytes)
[main] SAVE/SAVE.DAT <- /Users/nekosu/Documents/Projects/amayui-cn/.tmp/appdata/Eushully/天結いキャッスルマイスター.overlay/SAVE/SAVE.DAT (overlay)
[main] save data <- /Users/nekosu/Documents/Projects/amayui-cn/.tmp/appdata/Eushully/天結いキャッスルマイスター.overlay/SAVE/SAVE.DAT (84640 bytes)
2026-09-14 20:57:23.813 Electron[96752:1870240] TISFileInterrogator updateSystemInputSources false but old data invalid: currentCacheHeaderPtr nonNULL? 0, ->cacheFormatVersion 0, ->magicCookie 00000000, inputSourceTableCountSys 0
Keyboard Layouts: duplicate keyboard layout identifier -17410.
Keyboard Layouts: keyboard layout identifier -17410 has been replaced with -28673.
Keyboard Layouts: duplicate keyboard layout identifier -30769.
Keyboard Layouts: keyboard layout identifier -30769 has been replaced with -28674.
Keyboard Layouts: duplicate keyboard layout identifier -14934.
Keyboard Layouts: keyboard layout identifier -14934 has been replaced with -28675.
2026-09-14 20:57:25.405 Electron[96752:1870240] TISFileInterrogator updateSystemInputSources false but old data invalid: currentCacheHeaderPtr nonNULL? 0, ->cacheFormatVersion 0, ->magicCookie 00000000, inputSourceTableCountSys 0
Keyboard Layouts: duplicate keyboard layout identifier -17410.
Keyboard Layouts: keyboard layout identifier -17410 has been replaced with -28673.
Keyboard Layouts: duplicate keyboard layout identifier -30769.
Keyboard Layouts: keyboard layout identifier -30769 has been replaced with -28674.
Keyboard Layouts: duplicate keyboard layout identifier -14934.
Keyboard Layouts: keyboard layout identifier -14934 has been replaced with -28675.
2026-09-14 20:57:26.487 Electron[96752:1870240] TISFileInterrogator updateSystemInputSources false but old data invalid: currentCacheHeaderPtr nonNULL? 0, ->cacheFormatVersion 0, ->magicCookie 00000000, inputSourceTableCountSys 0
Keyboard Layouts: duplicate keyboard layout identifier -17410.
Keyboard Layouts: keyboard layout identifier -17410 has been replaced with -28673.
Keyboard Layouts: duplicate keyboard layout identifier -30769.
Keyboard Layouts: keyboard layout identifier -30769 has been replaced with -28674.
Keyboard Layouts: duplicate keyboard layout identifier -14934.
Keyboard Layouts: keyboard layout identifier -14934 has been replaced with -28675.
2026-09-14 20:57:27.756 Electron[96752:1870240] TISFileInterrogator updateSystemInputSources false but old data invalid: currentCacheHeaderPtr nonNULL? 0, ->cacheFormatVersion 0, ->magicCookie 00000000, inputSourceTableCountSys 0
Keyboard Layouts: duplicate keyboard layout identifier -17410.
Keyboard Layouts: keyboard layout identifier -17410 has been replaced with -28673.
Keyboard Layouts: duplicate keyboard layout identifier -30769.
Keyboard Layouts: keyboard layout identifier -30769 has been replaced with -28674.
Keyboard Layouts: duplicate keyboard layout identifier -14934.
Keyboard Layouts: keyboard layout identifier -14934 has been replaced with -28675.
[main] SAVE/SAVE.DAT <- /Users/nekosu/Documents/Projects/amayui-cn/.tmp/appdata/Eushully/天結いキャッスルマイスター.overlay/SAVE/SAVE.DAT (overlay)
[main] save data <- /Users/nekosu/Documents/Projects/amayui-cn/.tmp/appdata/Eushully/天結いキャッスルマイスター.overlay/SAVE/SAVE.DAT (132652 bytes)
[main] SAVE/SAVE.DAT <- /Users/nekosu/Documents/Projects/amayui-cn/.tmp/appdata/Eushully/天結いキャッスルマイスター.overlay/SAVE/SAVE.DAT (overlay)
[main] save data <- /Users/nekosu/Documents/Projects/amayui-cn/.tmp/appdata/Eushully/天結いキャッスルマイスター.overlay/SAVE/SAVE.DAT (132684 bytes)
[main] SAVE/SAVE.DAT <- /Users/nekosu/Documents/Projects/amayui-cn/.tmp/appdata/Eushully/天結いキャッスルマイスター.overlay/SAVE/SAVE.DAT (overlay)
[main] save data <- /Users/nekosu/Documents/Projects/amayui-cn/.tmp/appdata/Eushully/天結いキャッスルマイスター.overlay/SAVE/SAVE.DAT (132844 bytes)
[main] SAVE/SAVE.DAT <- /Users/nekosu/Documents/Projects/amayui-cn/.tmp/appdata/Eushully/天結いキャッスルマイスター.overlay/SAVE/SAVE.DAT (overlay)
[main] save data <- /Users/nekosu/Documents/Projects/amayui-cn/.tmp/appdata/Eushully/天結いキャッスルマイスター.overlay/SAVE/SAVE.DAT (133364 bytes)
[main] SAVE/SAVE.DAT <- /Users/nekosu/Documents/Projects/amayui-cn/.tmp/appdata/Eushully/天結いキャッスルマイスター.overlay/SAVE/SAVE.DAT (overlay)
[main] save data <- /Users/nekosu/Documents/Projects/amayui-cn/.tmp/appdata/Eushully/天結いキャッスルマイスター.overlay/SAVE/SAVE.DAT (133364 bytes)
2026-09-14 20:57:30.386 Electron Helper[96993:1871084] TISFileInterrogator updateSystemInputSources false but old data invalid: currentCacheHeaderPtr nonNULL? 0, ->cacheFormatVersion 0, ->magicCookie 00000000, inputSourceTableCountSys 0
Keyboard Layouts: duplicate keyboard layout identifier -17410.
Keyboard Layouts: keyboard layout identifier -17410 has been replaced with -28673.
Keyboard Layouts: duplicate keyboard layout identifier -30769.
Keyboard Layouts: keyboard layout identifier -30769 has been replaced with -28674.
Keyboard Layouts: duplicate keyboard layout identifier -14934.
Keyboard Layouts: keyboard layout identifier -14934 has been replaced with -28675.
[96993:0914/205730.458628:ERROR:sandbox/mac/system_services.cc:35] SetApplicationIsDaemon: Error Domain=NSOSStatusErrorDomain Code=-50 "paramErr: error in user parameter list" (-50)
[main] audio-stream 23 name=BGM031.OGG status=206 len=2157427/2157427
[shot] TITLE=true
[shot] /Users/nekosu/Documents/Projects/amayui-cn/.tmp/savefix1-0-title.png (2560x1440)
[shot] GAMESTART=true
[shot] /Users/nekosu/Documents/Projects/amayui-cn/.tmp/savefix1-6-gamestart.png (2560x1440)
[main] SAVE/SAVE.DAT <- /Users/nekosu/Documents/Projects/amayui-cn/.tmp/appdata/Eushully/天結いキャッスルマイスター.overlay/SAVE/SAVE.DAT (overlay)
[main] save data <- /Users/nekosu/Documents/Projects/amayui-cn/.tmp/appdata/Eushully/天結いキャッスルマイスター.overlay/SAVE/SAVE.DAT (133448 bytes)
[main] SAVE/SAVE.DAT <- /Users/nekosu/Documents/Projects/amayui-cn/.tmp/appdata/Eushully/天結いキャッスルマイスター.overlay/SAVE/SAVE.DAT (overlay)
[main] save data <- /Users/nekosu/Documents/Projects/amayui-cn/.tmp/appdata/Eushully/天結いキャッスルマイスター.overlay/SAVE/SAVE.DAT (133464 bytes)
[main] SAVE/SAVE.DAT <- /Users/nekosu/Documents/Projects/amayui-cn/.tmp/appdata/Eushully/天結いキャッスルマイスター.overlay/SAVE/SAVE.DAT (overlay)
[main] save data <- /Users/nekosu/Documents/Projects/amayui-cn/.tmp/appdata/Eushully/天結いキャッスルマイスター.overlay/SAVE/SAVE.DAT (133480 bytes)
[main] SAVE/SAVE.DAT <- /Users/nekosu/Documents/Projects/amayui-cn/.tmp/appdata/Eushully/天結いキャッスルマイスター.overlay/SAVE/SAVE.DAT (overlay)
[main] save data <- /Users/nekosu/Documents/Projects/amayui-cn/.tmp/appdata/Eushully/天結いキャッスルマイスター.overlay/SAVE/SAVE.DAT (133496 bytes)
[main] SAVE/SAVE.DAT <- /Users/nekosu/Documents/Projects/amayui-cn/.tmp/appdata/Eushully/天結いキャッスルマイスター.overlay/SAVE/SAVE.DAT (overlay)
[main] save data <- /Users/nekosu/Documents/Projects/amayui-cn/.tmp/appdata/Eushully/天結いキャッスルマイスター.overlay/SAVE/SAVE.DAT (133528 bytes)
[main] SAVE/SAVE.DAT <- /Users/nekosu/Documents/Projects/amayui-cn/.tmp/appdata/Eushully/天結いキャッスルマイスター.overlay/SAVE/SAVE.DAT (overlay)
[main] save data <- /Users/nekosu/Documents/Projects/amayui-cn/.tmp/appdata/Eushully/天結いキャッスルマイスター.overlay/SAVE/SAVE.DAT (133544 bytes)
[main] SAVE/SAVE.DAT <- /Users/nekosu/Documents/Projects/amayui-cn/.tmp/appdata/Eushully/天結いキャッスルマイスター.overlay/SAVE/SAVE.DAT (overlay)
[main] save data <- /Users/nekosu/Documents/Projects/amayui-cn/.tmp/appdata/Eushully/天結いキャッスルマイスター.overlay/SAVE/SAVE.DAT (133560 bytes)
[main] SAVE/SAVE.DAT <- /Users/nekosu/Documents/Projects/amayui-cn/.tmp/appdata/Eushully/天結いキャッスルマイスター.overlay/SAVE/SAVE.DAT (overlay)
[main] save data <- /Users/nekosu/Documents/Projects/amayui-cn/.tmp/appdata/Eushully/天結いキャッスルマイスター.overlay/SAVE/SAVE.DAT (133576 bytes)
[main] audio-stream 11 name=BGM013.OGG status=206 len=5193576/5193576
[main] audio-stream 11 name=BGM013.OGG status=206 len=81768/5193576
[shot] SN0000=true
[main] font -> SarasaGothicSC/SarasaGothicSC-Bold.ttf (23332KB)
[main] font -> SarasaGothicSC/SarasaGothicSC-Regular.ttf (23484KB)
[shot] /Users/nekosu/Documents/Projects/amayui-cn/.tmp/savefix1-7-sn0000-first-text.png (2560x1440)
2026-09-14 20:57:55.421 Electron[96752:1870240] TISFileInterrogator updateSystemInputSources false but old data invalid: currentCacheHeaderPtr nonNULL? 0, ->cacheFormatVersion 0, ->magicCookie 00000000, inputSourceTableCountSys 0
Keyboard Layouts: duplicate keyboard layout identifier -17410.
Keyboard Layouts: keyboard layout identifier -17410 has been replaced with -28673.
Keyboard Layouts: duplicate keyboard layout identifier -30769.
Keyboard Layouts: keyboard layout identifier -30769 has been replaced with -28674.
Keyboard Layouts: duplicate keyboard layout identifier -14934.
Keyboard Layouts: keyboard layout identifier -14934 has been replaced with -28675.
2026-09-14 20:57:57.156 Electron[96752:1870240] TISFileInterrogator updateSystemInputSources false but old data invalid: currentCacheHeaderPtr nonNULL? 0, ->cacheFormatVersion 0, ->magicCookie 00000000, inputSourceTableCountSys 0
Keyboard Layouts: duplicate keyboard layout identifier -17410.
Keyboard Layouts: keyboard layout identifier -17410 has been replaced with -28673.
Keyboard Layouts: duplicate keyboard layout identifier -30769.
Keyboard Layouts: keyboard layout identifier -30769 has been replaced with -28674.
Keyboard Layouts: duplicate keyboard layout identifier -14934.
Keyboard Layouts: keyboard layout identifier -14934 has been replaced with -28675.
2026-09-14 20:57:58.686 Electron[96752:1870240] TISFileInterrogator updateSystemInputSources false but old data invalid: currentCacheHeaderPtr nonNULL? 0, ->cacheFormatVersion 0, ->magicCookie 00000000, inputSourceTableCountSys 0
Keyboard Layouts: duplicate keyboard layout identifier -17410.
Keyboard Layouts: keyboard layout identifier -17410 has been replaced with -28673.
Keyboard Layouts: duplicate keyboard layout identifier -30769.
Keyboard Layouts: keyboard layout identifier -30769 has been replaced with -28674.
Keyboard Layouts: duplicate keyboard layout identifier -14934.
Keyboard Layouts: keyboard layout identifier -14934 has been replaced with -28675.
[shot] /Users/nekosu/Documents/Projects/amayui-cn/.tmp/savefix1-8-sn0000-next.png (2560x1440)
[shot] /Users/nekosu/Documents/Projects/amayui-cn/.tmp/savefix1-9-sn0000-hover-out.png (2560x1440)
2026-09-14 20:58:01.657 Electron[96752:1870240] TISFileInterrogator updateSystemInputSources false but old data invalid: currentCacheHeaderPtr nonNULL? 0, ->cacheFormatVersion 0, ->magicCookie 00000000, inputSourceTableCountSys 0
Keyboard Layouts: duplicate keyboard layout identifier -17410.
Keyboard Layouts: keyboard layout identifier -17410 has been replaced with -28673.
Keyboard Layouts: duplicate keyboard layout identifier -30769.
Keyboard Layouts: keyboard layout identifier -30769 has been replaced with -28674.
Keyboard Layouts: duplicate keyboard layout identifier -14934.
Keyboard Layouts: keyboard layout identifier -14934 has been replaced with -28675.
2026-09-14 20:58:01.731 Electron[96752:1870240] TISFileInterrogator updateSystemInputSources false but old data invalid: currentCacheHeaderPtr nonNULL? 0, ->cacheFormatVersion 0, ->magicCookie 00000000, inputSourceTableCountSys 0
Keyboard Layouts: duplicate keyboard layout identifier -17410.
Keyboard Layouts: keyboard layout identifier -17410 has been replaced with -28673.
Keyboard Layouts: duplicate keyboard layout identifier -30769.
Keyboard Layouts: keyboard layout identifier -30769 has been replaced with -28674.
Keyboard Layouts: duplicate keyboard layout identifier -14934.
Keyboard Layouts: keyboard layout identifier -14934 has been replaced with -28675.
[shot] /Users/nekosu/Documents/Projects/amayui-cn/.tmp/savefix1-10-sn0000-hover-in.png (2560x1440)
[shot] 完成（gamestart）
2026-09-14 20:58:04.107 Electron[96752:1870240] TISFileInterrogator updateSystemInputSources false but old data invalid: currentCacheHeaderPtr nonNULL? 0, ->cacheFormatVersion 0, ->magicCookie 00000000, inputSourceTableCountSys 0
Keyboard Layouts: duplicate keyboard layout identifier -17410.
Keyboard Layouts: keyboard layout identifier -17410 has been replaced with -28673.
Keyboard Layouts: duplicate keyboard layout identifier -30769.
Keyboard Layouts: keyboard layout identifier -30769 has been replaced with -28674.
Keyboard Layouts: duplicate keyboard layout identifier -14934.
Keyboard Layouts: keyboard layout identifier -14934 has been replaced with -28675.
2026-09-14 20:58:04.188 Electron[96752:1870240] TISFileInterrogator updateSystemInputSources false but old data invalid: currentCacheHeaderPtr nonNULL? 0, ->cacheFormatVersion 0, ->magicCookie 00000000, inputSourceTableCountSys 0
Keyboard Layouts: duplicate keyboard layout identifier -17410.
Keyboard Layouts: keyboard layout identifier -17410 has been replaced with -28673.
Keyboard Layouts: duplicate keyboard layout identifier -30769.
Keyboard Layouts: keyboard layout identifier -30769 has been replaced with -28674.
Keyboard Layouts: duplicate keyboard layout identifier -14934.
Keyboard Layouts: keyboard layout identifier -14934 has been replaced with -28675.
[main] replay trace flushed
