npm notice run amayui-emulator@0.1.0 shot
npm notice run npm run build:electron && electron tools/shot.cjs --gamestart --name savefix2
npm notice run amayui-emulator@0.1.0 build:electron
npm notice run node build-electron.mjs
[electron] built main.cjs / preload.cjs / renderer.js / control.js (browser) + htmls
2026-09-14 20:58:11.204 Electron[97740:1874198] TISFileInterrogator updateSystemInputSources false but old data invalid: currentCacheHeaderPtr nonNULL? 0, ->cacheFormatVersion 0, ->magicCookie 00000000, inputSourceTableCountSys 0
Keyboard Layouts: duplicate keyboard layout identifier -17410.
Keyboard Layouts: keyboard layout identifier -17410 has been replaced with -28673.
Keyboard Layouts: duplicate keyboard layout identifier -30769.
Keyboard Layouts: keyboard layout identifier -30769 has been replaced with -28674.
Keyboard Layouts: duplicate keyboard layout identifier -14934.
Keyboard Layouts: keyboard layout identifier -14934 has been replaced with -28675.
[main] diagnostic log -> /Users/nekosu/Documents/Projects/amayui-cn/.tmp/amayui-emulator.log
[main] system dir (base) -> /Users/nekosu/Documents/Projects/amayui-cn/.tmp/appdata/Eushully/天結いキャッスルマイスター
[main] system dir (overlay) -> /Users/nekosu/Documents/Projects/amayui-cn/.tmp/appdata/Eushully/天結いキャッスルマイスター.overlay
[main] resources: version=jp path=/Users/nekosu/Documents/Projects/amayui-cn/install（来源=默认）
[main] replay trace -> /Users/nekosu/Documents/Projects/amayui-cn/.tmp/replay-trace.jsonl.gz
[97740:0914/205811.562167:ERROR:net/disk_cache/disk_cache.cc:290] Unable to create cache
[97740:0914/205811.562190:ERROR:gpu/ipc/host/gpu_disk_cache.cc:737] Gpu Cache Creation failed: -2
[97740:0914/205811.562236:ERROR:net/disk_cache/disk_cache.cc:290] Unable to create cache
[97740:0914/205811.562244:ERROR:gpu/ipc/host/gpu_disk_cache.cc:737] Gpu Cache Creation failed: -2
[97740:0914/205811.562252:ERROR:net/disk_cache/disk_cache.cc:290] Unable to create cache
[97740:0914/205811.562258:ERROR:gpu/ipc/host/gpu_disk_cache.cc:737] Gpu Cache Creation failed: -2
[main] SYS4REG.INI: overlay/base 都没有
[main] config ini: overlay/base 都没有 SYS4REG.INI（引擎字段用默认值）
[main] SAVE/SAVE.DAT -> /Users/nekosu/Documents/Projects/amayui-cn/.tmp/appdata/Eushully/天結いキャッスルマイスター.overlay/SAVE/SAVE.DAT (overlay)
[main] save data -> /Users/nekosu/Documents/Projects/amayui-cn/.tmp/appdata/Eushully/天結いキャッスルマイスター.overlay/SAVE/SAVE.DAT (overlay, 133576 bytes)
[main] [append] APPEND01.AAI -> pack#1（1 归档 APPEND01.ALF / 678 文件）
[main] [append] APPEND02.AAI -> pack#2（1 归档 APPEND02.ALF / 261 文件）
[main] save flags -> 70 个（emulator:70）
[main] emulator options -> /Users/nekosu/Documents/Projects/amayui-cn/emulator.config.json (exists=true)
[main] [append] APPEND03.AAI -> pack#3（1 归档 APPEND03.ALF / 1689 文件）
[main] [append] APPEND04.AAI -> pack#4（1 归档 APPEND04.ALF / 425 文件）
[main] [append] APPEND05.AAI -> pack#5（1 归档 APPEND05.ALF / 918 文件）
[main] audio-stream 0 name=SYSTEM4.BIN status=206 len=2/12012
[main] audio-stream 23 name=BGM031.OGG status=206 len=2157427/2157427
2026-09-14 20:58:12.816 Electron Helper[97890:1874779] TISFileInterrogator updateSystemInputSources false but old data invalid: currentCacheHeaderPtr nonNULL? 0, ->cacheFormatVersion 0, ->magicCookie 00000000, inputSourceTableCountSys 0
Keyboard Layouts: duplicate keyboard layout identifier -17410.
Keyboard Layouts: keyboard layout identifier -17410 has been replaced with -28673.
Keyboard Layouts: duplicate keyboard layout identifier -30769.
Keyboard Layouts: keyboard layout identifier -30769 has been replaced with -28674.
Keyboard Layouts: duplicate keyboard layout identifier -14934.
Keyboard Layouts: keyboard layout identifier -14934 has been replaced with -28675.
[97890:0914/205812.900826:ERROR:sandbox/mac/system_services.cc:35] SetApplicationIsDaemon: Error Domain=NSOSStatusErrorDomain Code=-50 "paramErr: error in user parameter list" (-50)
[shot] TITLE=true
2026-09-14 20:58:17.484 Electron[97740:1874198] TISFileInterrogator updateSystemInputSources false but old data invalid: currentCacheHeaderPtr nonNULL? 0, ->cacheFormatVersion 0, ->magicCookie 00000000, inputSourceTableCountSys 0
Keyboard Layouts: duplicate keyboard layout identifier -17410.
Keyboard Layouts: keyboard layout identifier -17410 has been replaced with -28673.
Keyboard Layouts: duplicate keyboard layout identifier -30769.
Keyboard Layouts: keyboard layout identifier -30769 has been replaced with -28674.
Keyboard Layouts: duplicate keyboard layout identifier -14934.
Keyboard Layouts: keyboard layout identifier -14934 has been replaced with -28675.
[shot] /Users/nekosu/Documents/Projects/amayui-cn/.tmp/savefix2-0-title.png (2560x1440)
[shot] GAMESTART=true
2026-09-14 20:58:22.419 Electron[97740:1874198] TISFileInterrogator updateSystemInputSources false but old data invalid: currentCacheHeaderPtr nonNULL? 0, ->cacheFormatVersion 0, ->magicCookie 00000000, inputSourceTableCountSys 0
Keyboard Layouts: duplicate keyboard layout identifier -17410.
Keyboard Layouts: keyboard layout identifier -17410 has been replaced with -28673.
Keyboard Layouts: duplicate keyboard layout identifier -30769.
Keyboard Layouts: keyboard layout identifier -30769 has been replaced with -28674.
Keyboard Layouts: duplicate keyboard layout identifier -14934.
Keyboard Layouts: keyboard layout identifier -14934 has been replaced with -28675.
[shot] /Users/nekosu/Documents/Projects/amayui-cn/.tmp/savefix2-6-gamestart.png (2560x1440)
2026-09-14 20:58:23.589 Electron[97740:1874198] TISFileInterrogator updateSystemInputSources false but old data invalid: currentCacheHeaderPtr nonNULL? 0, ->cacheFormatVersion 0, ->magicCookie 00000000, inputSourceTableCountSys 0
Keyboard Layouts: duplicate keyboard layout identifier -17410.
Keyboard Layouts: keyboard layout identifier -17410 has been replaced with -28673.
Keyboard Layouts: duplicate keyboard layout identifier -30769.
Keyboard Layouts: keyboard layout identifier -30769 has been replaced with -28674.
Keyboard Layouts: duplicate keyboard layout identifier -14934.
Keyboard Layouts: keyboard layout identifier -14934 has been replaced with -28675.
2026-09-14 20:58:24.797 Electron[97740:1874198] TISFileInterrogator updateSystemInputSources false but old data invalid: currentCacheHeaderPtr nonNULL? 0, ->cacheFormatVersion 0, ->magicCookie 00000000, inputSourceTableCountSys 0
Keyboard Layouts: duplicate keyboard layout identifier -17410.
Keyboard Layouts: keyboard layout identifier -17410 has been replaced with -28673.
Keyboard Layouts: duplicate keyboard layout identifier -30769.
Keyboard Layouts: keyboard layout identifier -30769 has been replaced with -28674.
Keyboard Layouts: duplicate keyboard layout identifier -14934.
Keyboard Layouts: keyboard layout identifier -14934 has been replaced with -28675.
[main] SAVE/SAVE.DAT <- /Users/nekosu/Documents/Projects/amayui-cn/.tmp/appdata/Eushully/天結いキャッスルマイスター.overlay/SAVE/SAVE.DAT (overlay)
[main] save data <- /Users/nekosu/Documents/Projects/amayui-cn/.tmp/appdata/Eushully/天結いキャッスルマイスター.overlay/SAVE/SAVE.DAT (133576 bytes)
[main] SAVE/SAVE.DAT <- /Users/nekosu/Documents/Projects/amayui-cn/.tmp/appdata/Eushully/天結いキャッスルマイスター.overlay/SAVE/SAVE.DAT (overlay)
[main] save data <- /Users/nekosu/Documents/Projects/amayui-cn/.tmp/appdata/Eushully/天結いキャッスルマイスター.overlay/SAVE/SAVE.DAT (133576 bytes)
[main] SAVE/SAVE.DAT <- /Users/nekosu/Documents/Projects/amayui-cn/.tmp/appdata/Eushully/天結いキャッスルマイスター.overlay/SAVE/SAVE.DAT (overlay)
[main] save data <- /Users/nekosu/Documents/Projects/amayui-cn/.tmp/appdata/Eushully/天結いキャッスルマイスター.overlay/SAVE/SAVE.DAT (133576 bytes)
[main] SAVE/SAVE.DAT <- /Users/nekosu/Documents/Projects/amayui-cn/.tmp/appdata/Eushully/天結いキャッスルマイスター.overlay/SAVE/SAVE.DAT (overlay)
[main] save data <- /Users/nekosu/Documents/Projects/amayui-cn/.tmp/appdata/Eushully/天結いキャッスルマイスター.overlay/SAVE/SAVE.DAT (133576 bytes)
[main] SAVE/SAVE.DAT <- /Users/nekosu/Documents/Projects/amayui-cn/.tmp/appdata/Eushully/天結いキャッスルマイスター.overlay/SAVE/SAVE.DAT (overlay)
[main] save data <- /Users/nekosu/Documents/Projects/amayui-cn/.tmp/appdata/Eushully/天結いキャッスルマイスター.overlay/SAVE/SAVE.DAT (133576 bytes)
[main] SAVE/SAVE.DAT <- /Users/nekosu/Documents/Projects/amayui-cn/.tmp/appdata/Eushully/天結いキャッスルマイスター.overlay/SAVE/SAVE.DAT (overlay)
[main] save data <- /Users/nekosu/Documents/Projects/amayui-cn/.tmp/appdata/Eushully/天結いキャッスルマイスター.overlay/SAVE/SAVE.DAT (133576 bytes)
[main] SAVE/SAVE.DAT <- /Users/nekosu/Documents/Projects/amayui-cn/.tmp/appdata/Eushully/天結いキャッスルマイスター.overlay/SAVE/SAVE.DAT (overlay)
[main] save data <- /Users/nekosu/Documents/Projects/amayui-cn/.tmp/appdata/Eushully/天結いキャッスルマイスター.overlay/SAVE/SAVE.DAT (133576 bytes)
[main] SAVE/SAVE.DAT <- /Users/nekosu/Documents/Projects/amayui-cn/.tmp/appdata/Eushully/天結いキャッスルマイスター.overlay/SAVE/SAVE.DAT (overlay)
[main] save data <- /Users/nekosu/Documents/Projects/amayui-cn/.tmp/appdata/Eushully/天結いキャッスルマイスター.overlay/SAVE/SAVE.DAT (133576 bytes)
[main] audio-stream 11 name=BGM013.OGG status=206 len=5193576/5193576
[main] audio-stream 11 name=BGM013.OGG status=206 len=81768/5193576
[shot] SN0000=true
[main] font -> SarasaGothicSC/SarasaGothicSC-Bold.ttf (23332KB)
[main] font -> SarasaGothicSC/SarasaGothicSC-Regular.ttf (23484KB)
[shot] /Users/nekosu/Documents/Projects/amayui-cn/.tmp/savefix2-7-sn0000-first-text.png (2560x1440)
[shot] /Users/nekosu/Documents/Projects/amayui-cn/.tmp/savefix2-8-sn0000-next.png (2560x1440)
2026-09-14 20:58:42.013 Electron[97740:1874198] TISFileInterrogator updateSystemInputSources false but old data invalid: currentCacheHeaderPtr nonNULL? 0, ->cacheFormatVersion 0, ->magicCookie 00000000, inputSourceTableCountSys 0
Keyboard Layouts: duplicate keyboard layout identifier -17410.
Keyboard Layouts: keyboard layout identifier -17410 has been replaced with -28673.
Keyboard Layouts: duplicate keyboard layout identifier -30769.
Keyboard Layouts: keyboard layout identifier -30769 has been replaced with -28674.
Keyboard Layouts: duplicate keyboard layout identifier -14934.
Keyboard Layouts: keyboard layout identifier -14934 has been replaced with -28675.
[shot] /Users/nekosu/Documents/Projects/amayui-cn/.tmp/savefix2-9-sn0000-hover-out.png (2560x1440)
[shot] /Users/nekosu/Documents/Projects/amayui-cn/.tmp/savefix2-10-sn0000-hover-in.png (2560x1440)
[shot] 完成（gamestart）
[main] replay trace flushed
