npm notice run amayui-emulator@0.1.0 npx
npm notice run 'electron' tools/record.cjs --scenario /Users/nekosu/Documents/Projects/amayui-cn/.tmp/scen-cfg2.json --out .tmp/t31-init.jsonl.gz
2026-09-14 22:00:35.417 Electron[55104:2213078] TISFileInterrogator updateSystemInputSources false but old data invalid: currentCacheHeaderPtr nonNULL? 0, ->cacheFormatVersion 0, ->magicCookie 00000000, inputSourceTableCountSys 0
Keyboard Layouts: duplicate keyboard layout identifier -17410.
Keyboard Layouts: keyboard layout identifier -17410 has been replaced with -28673.
Keyboard Layouts: duplicate keyboard layout identifier -30769.
Keyboard Layouts: keyboard layout identifier -30769 has been replaced with -28674.
Keyboard Layouts: duplicate keyboard layout identifier -14934.
Keyboard Layouts: keyboard layout identifier -14934 has been replaced with -28675.
[main] diagnostic log -> /Users/nekosu/Documents/Projects/amayui-cn/.tmp/amayui-emulator.log
[main] system dir (base) -> /Users/nekosu/Documents/Projects/amayui-cn/.tmp/appdata/Eushully/天結いキャッスルマイスター
[main] system dir (overlay) -> /Users/nekosu/Documents/Projects/amayui-cn/.tmp/appdata/Eushully/天結いキャッスルマイスター.overlay
[main] resources: version=jp path=/Users/nekosu/Documents/Projects/amayui-cn/install（来源=默认）
[main] replay trace -> /Users/nekosu/Documents/Projects/amayui-cn/.tmp/t31-init.jsonl.gz
[55104:0914/220035.717509:ERROR:net/disk_cache/disk_cache.cc:290] Unable to create cache
[55104:0914/220035.717533:ERROR:gpu/ipc/host/gpu_disk_cache.cc:737] Gpu Cache Creation failed: -2
[55104:0914/220035.717545:ERROR:net/disk_cache/disk_cache.cc:290] Unable to create cache
[55104:0914/220035.717553:ERROR:gpu/ipc/host/gpu_disk_cache.cc:737] Gpu Cache Creation failed: -2
[55104:0914/220035.717560:ERROR:net/disk_cache/disk_cache.cc:290] Unable to create cache
[55104:0914/220035.717565:ERROR:gpu/ipc/host/gpu_disk_cache.cc:737] Gpu Cache Creation failed: -2
[main] SYS4REG.INI: overlay/base 都没有
[main] config ini: overlay/base 都没有 SYS4REG.INI（引擎字段用默认值）
[main] SAVE/SAVE.DAT -> /Users/nekosu/Documents/Projects/amayui-cn/.tmp/appdata/Eushully/天結いキャッスルマイスター.overlay/SAVE/SAVE.DAT (overlay)
[main] save data -> /Users/nekosu/Documents/Projects/amayui-cn/.tmp/appdata/Eushully/天結いキャッスルマイスター.overlay/SAVE/SAVE.DAT (overlay, 133576 bytes)
[main] [append] APPEND01.AAI -> pack#1（1 归档 APPEND01.ALF / 678 文件）
[main] [append] APPEND02.AAI -> pack#2（1 归档 APPEND02.ALF / 261 文件）
[main] [append] APPEND03.AAI -> pack#3（1 归档 APPEND03.ALF / 1689 文件）
[main] save flags -> 72 个（emulator:72）
[main] emulator options -> /Users/nekosu/Documents/Projects/amayui-cn/emulator.config.json (exists=true)
[main] [append] APPEND04.AAI -> pack#4（1 归档 APPEND04.ALF / 425 文件）
[main] [append] APPEND05.AAI -> pack#5（1 归档 APPEND05.ALF / 918 文件）
[main] audio-stream 0 name=SYSTEM4.BIN status=206 len=2/12012
2026-09-14 22:00:36.511 Electron[55104:2213078] TISFileInterrogator updateSystemInputSources false but old data invalid: currentCacheHeaderPtr nonNULL? 0, ->cacheFormatVersion 0, ->magicCookie 00000000, inputSourceTableCountSys 0
Keyboard Layouts: duplicate keyboard layout identifier -17410.
Keyboard Layouts: keyboard layout identifier -17410 has been replaced with -28673.
Keyboard Layouts: duplicate keyboard layout identifier -30769.
Keyboard Layouts: keyboard layout identifier -30769 has been replaced with -28674.
Keyboard Layouts: duplicate keyboard layout identifier -14934.
Keyboard Layouts: keyboard layout identifier -14934 has been replaced with -28675.
[record] 录制已从启动第一帧开始（AMAYUI_RECORD=1）→ /Users/nekosu/Documents/Projects/amayui-cn/.tmp/t31-init.jsonl.gz
2026-09-14 22:00:37.191 Electron Helper[55501:2213801] TISFileInterrogator updateSystemInputSources false but old data invalid: currentCacheHeaderPtr nonNULL? 0, ->cacheFormatVersion 0, ->magicCookie 00000000, inputSourceTableCountSys 0
Keyboard Layouts: duplicate keyboard layout identifier -17410.
Keyboard Layouts: keyboard layout identifier -17410 has been replaced with -28673.
Keyboard Layouts: duplicate keyboard layout identifier -30769.
Keyboard Layouts: keyboard layout identifier -30769 has been replaced with -28674.
Keyboard Layouts: duplicate keyboard layout identifier -14934.
Keyboard Layouts: keyboard layout identifier -14934 has been replaced with -28675.
[55501:0914/220037.270129:ERROR:sandbox/mac/system_services.cc:35] SetApplicationIsDaemon: Error Domain=NSOSStatusErrorDomain Code=-50 "paramErr: error in user parameter list" (-50)
[main] audio-stream 23 name=BGM031.OGG status=206 len=2157427/2157427
[record] 就绪标记 -> TITLE.BIN = true
2026-09-14 22:00:39.190 Electron[55104:2213078] TISFileInterrogator updateSystemInputSources false but old data invalid: currentCacheHeaderPtr nonNULL? 0, ->cacheFormatVersion 0, ->magicCookie 00000000, inputSourceTableCountSys 0
Keyboard Layouts: duplicate keyboard layout identifier -17410.
Keyboard Layouts: keyboard layout identifier -17410 has been replaced with -28673.
Keyboard Layouts: duplicate keyboard layout identifier -30769.
Keyboard Layouts: keyboard layout identifier -30769 has been replaced with -28674.
Keyboard Layouts: duplicate keyboard layout identifier -14934.
Keyboard Layouts: keyboard layout identifier -14934 has been replaced with -28675.
2026-09-14 22:00:39.452 Electron[55104:2213078] TISFileInterrogator updateSystemInputSources false but old data invalid: currentCacheHeaderPtr nonNULL? 0, ->cacheFormatVersion 0, ->magicCookie 00000000, inputSourceTableCountSys 0
Keyboard Layouts: duplicate keyboard layout identifier -17410.
Keyboard Layouts: keyboard layout identifier -17410 has been replaced with -28673.
Keyboard Layouts: duplicate keyboard layout identifier -30769.
Keyboard Layouts: keyboard layout identifier -30769 has been replaced with -28674.
Keyboard Layouts: duplicate keyboard layout identifier -14934.
Keyboard Layouts: keyboard layout identifier -14934 has been replaced with -28675.
2026-09-14 22:00:40.334 Electron[55104:2213078] TISFileInterrogator updateSystemInputSources false but old data invalid: currentCacheHeaderPtr nonNULL? 0, ->cacheFormatVersion 0, ->magicCookie 00000000, inputSourceTableCountSys 0
Keyboard Layouts: duplicate keyboard layout identifier -17410.
Keyboard Layouts: keyboard layout identifier -17410 has been replaced with -28673.
Keyboard Layouts: duplicate keyboard layout identifier -30769.
Keyboard Layouts: keyboard layout identifier -30769 has been replaced with -28674.
Keyboard Layouts: duplicate keyboard layout identifier -14934.
Keyboard Layouts: keyboard layout identifier -14934 has been replaced with -28675.
[record] press（TITLE 菜单 CONFIG） @334ms
[record] release @335ms
[main] font -> SarasaGothicSC/SarasaGothicSC-Bold.ttf (23332KB)
[main] font -> SarasaGothicSC/SarasaGothicSC-Regular.ttf (23484KB)
2026-09-14 22:00:45.413 Electron[55104:2213078] TISFileInterrogator updateSystemInputSources false but old data invalid: currentCacheHeaderPtr nonNULL? 0, ->cacheFormatVersion 0, ->magicCookie 00000000, inputSourceTableCountSys 0
Keyboard Layouts: duplicate keyboard layout identifier -17410.
Keyboard Layouts: keyboard layout identifier -17410 has been replaced with -28673.
Keyboard Layouts: duplicate keyboard layout identifier -30769.
Keyboard Layouts: keyboard layout identifier -30769 has been replaced with -28674.
Keyboard Layouts: duplicate keyboard layout identifier -14934.
Keyboard Layouts: keyboard layout identifier -14934 has been replaced with -28675.
[record] press（左列 ADV設定） @5280ms
[record] release @5280ms
[record] press（ホイールメッセージ送り 的 OFF（i2cd 行）） @7731ms
[record] release @7731ms
[main] SYS4REG.INI: overlay/base 都没有
[main] SYS4REG.INI <- /Users/nekosu/Documents/Projects/amayui-cn/.tmp/appdata/Eushully/天結いキャッスルマイスター.overlay/SYS4REG.INI (overlay)
[main] config ini <- /Users/nekosu/Documents/Projects/amayui-cn/.tmp/appdata/Eushully/天結いキャッスルマイスター.overlay/SYS4REG.INI (1962 bytes)
[record] 完成；回放：npm run replay -- .tmp/t31-init.jsonl.gz
[main] replay trace flushed
